// Jest Snapshot v1, https://goo.gl/fbAQLP

exports[`HeaderMenu component rendering renders 1`] = `
<div
  className="HeaderMenu"
  style={
    Object {
      "backgroundColor": "#333",
    }
  }
>
  <div
    className="buttons"
  >
    <i
      className="fa fa-window-minimize icon"
      onClick={[Function]}
      title="Minimize window"
    />
    <i
      className="fa fa-window-maximize icon"
      onClick={[Function]}
      title="Open chat in new window"
    />
    <span
      title="Close window"
    >
      <svg
        className="icon"
        height="14"
        onClick={[Function]}
        width="14"
      >
        <line
          className="cross"
          stroke="white"
          strokeWidth="2"
          x1="1"
          x2="13"
          y1="1"
          y2="13"
        />
        <line
          className="cross"
          stroke="white"
          strokeWidth="2"
          x1="13"
          x2="1"
          y1="1"
          y2="13"
        />
        X
      </svg>
    </span>
  </div>
</div>
`;
