// Jest Snapshot v1, https://goo.gl/fbAQLP

exports[`MenuButton component children when clicked displays children 1`] = `
<Styled(div)
  data-test="childContainer"
  offset={
    Object {
      "horizontal": "10px",
      "vertical": "10px",
    }
  }
  onClick={[Function]}
  position="top-left"
  visible={true}
>
  <div>
    Child
  </div>
</Styled(div)>
`;

exports[`MenuButton component rendering renders 1`] = `
<div
  className="className MenuButton css-6nin39"
  style={Object {}}
>
  <Styled(div)
    data-test="menuButton"
    disabled={false}
    innerRef={[Function]}
    onClick={[Function]}
    title="title"
  >
    <Styled(div)>
      buttonText
    </Styled(div)>
    <i
      className="fa fa-icon openIcon"
      style={Object {}}
    />
  </Styled(div)>
</div>
`;
