// Jest Snapshot v1, https://goo.gl/fbAQLP

exports[`WelcomeForm component rendering renders with default props 1`] = `
<form
  className="WelcomeForm"
>
  <HeaderMenu
    onDock={[Function]}
    onMinimize={[Function]}
    onPop={[Function]}
  />
  <div
    className="welcomeFormBanner"
    style={
      Object {
        "backgroundColor": "#333",
      }
    }
  >
    <span
      style={
        Object {
          "fontFamily": "Lato, sans-serif",
        }
      }
    >
      Thanks for contacting us! Please fill out a couple brief pieces of information and we will get you chatting with an agent.
    </span>
  </div>
  <div
    className="fields"
  >
    <div
      className="field"
    >
      <label
        htmlFor="First Name"
        style={
          Object {
            "fontFamily": "Lato, sans-serif",
          }
        }
      >
        First Name
        <span
          className="required"
          title="Required"
        >
           *
        </span>
      </label>
      <input
        maxLength={1000}
        name="firstName"
        required={true}
        style={
          Object {
            "fontFamily": "Lato, sans-serif",
          }
        }
        type="text"
      />
    </div>
    <div
      className="field"
    >
      <label
        htmlFor="Last Name"
        style={
          Object {
            "fontFamily": "Lato, sans-serif",
          }
        }
      >
        Last Name
      </label>
      <input
        maxLength={1000}
        name="lastName"
        required={false}
        style={
          Object {
            "fontFamily": "Lato, sans-serif",
          }
        }
        type="text"
      />
    </div>
    <div
      className="field"
    >
      <label
        htmlFor="Number Field"
        style={
          Object {
            "fontFamily": "Lato, sans-serif",
          }
        }
      >
        Number Field
        <span
          className="required"
          title="Required"
        >
           *
        </span>
      </label>
      <input
        maxLength={1000}
        name="numberField"
        required={true}
        style={
          Object {
            "fontFamily": "Lato, sans-serif",
          }
        }
        type="number"
      />
    </div>
    <div
      className="field"
    >
      <label
        htmlFor="E-Mail"
        style={
          Object {
            "fontFamily": "Lato, sans-serif",
          }
        }
      >
        E-Mail
        <span
          className="required"
          title="Required"
        >
           *
        </span>
      </label>
      <input
        maxLength={1000}
        name="email"
        required={true}
        style={
          Object {
            "fontFamily": "Lato, sans-serif",
          }
        }
        type="email"
      />
    </div>
    <div
      className="field"
    >
      <label
        htmlFor="Phone Number"
        style={
          Object {
            "fontFamily": "Lato, sans-serif",
          }
        }
      >
        Phone Number
        <span
          className="required"
          title="Required"
        >
           *
        </span>
      </label>
      <input
        maxLength={1000}
        name="phoneNumber"
        required={true}
        style={
          Object {
            "fontFamily": "Lato, sans-serif",
          }
        }
        type="tel"
      />
    </div>
  </div>
  <button
    className="submit"
    onClick={[Function]}
    style={
      Object {
        "background": "#333",
        "fontFamily": "Lato, sans-serif",
      }
    }
  >
    Submit
  </button>
</form>
`;
