// Jest Snapshot v1, https://goo.gl/fbAQLP

exports[`Debugger component rendering renders phrase listener 1`] = `
<PhraseListener
  listeners={
    Array [
      Object {
        "callback": [Function],
        "caseInsensitive": true,
        "phrase": "quiqdebug",
      },
    ]
  }
  timeout={5000}
/>
`;
